Archive member included because of file (symbol)

c:/program files/gnu tools arm embedded/4.9 2015q2/bin/../lib/gcc/arm-none-eabi/4.9.3/armv7-m\libgcc.a(_arm_addsubdf3.o)
                              ./release/service_servo.o (__aeabi_dadd)
c:/program files/gnu tools arm embedded/4.9 2015q2/bin/../lib/gcc/arm-none-eabi/4.9.3/armv7-m\libgcc.a(_arm_muldivdf3.o)
                              ./release/service_servo.o (__aeabi_dmul)
c:/program files/gnu tools arm embedded/4.9 2015q2/bin/../lib/gcc/arm-none-eabi/4.9.3/armv7-m\libgcc.a(_arm_fixdfsi.o)
                              ./release/service_servo.o (__aeabi_d2iz)
c:/program files/gnu tools arm embedded/4.9 2015q2/bin/../lib/gcc/arm-none-eabi/4.9.3/armv7-m\libgcc.a(_arm_addsubsf3.o)
                              ./release/pilote_timer.o (__aeabi_i2f)
c:/program files/gnu tools arm embedded/4.9 2015q2/bin/../lib/gcc/arm-none-eabi/4.9.3/armv7-m\libgcc.a(_arm_muldivsf3.o)
                              ./release/pilote_timer.o (__aeabi_fmul)
c:/program files/gnu tools arm embedded/4.9 2015q2/bin/../lib/gcc/arm-none-eabi/4.9.3/armv7-m\libgcc.a(_arm_fixsfsi.o)
                              ./release/pilote_timer.o (__aeabi_f2iz)

Allocating common symbols
Common symbol       size              file

Angle               0x4               ./release/test_timer.o
AngleCom            0x4               ./release/test_timer.o
Periode_PWM_us      0x4               ./release/pilote_timer.o
PtrFn_CodInc        0x4               ./release/pilote_timer.o
Augmente            0x4               ./release/test_timer.o
PtrFn_TIM2          0x4               ./release/pilote_timer.o

Memory Configuration

Name             Origin             Length             Attributes
FLASH            0x08002000         0x00020000         xr
RAM              0x20000000         0x00005000         rw
*default*        0x00000000         0xffffffff

Linker script and memory map

LOAD ./release/test_gpio.o
LOAD ./release/pilote_io.o
LOAD ./release/clock.o
LOAD ./release/test_timer.o
LOAD ./release/pilote_adc.o
LOAD ./release/pilote_timer.o
LOAD ./release/service_servo.o
LOAD ./release/service_girouette.o
LOAD ./release/startup-gcc.o
LOAD c:/program files/gnu tools arm embedded/4.9 2015q2/bin/../lib/gcc/arm-none-eabi/4.9.3/../../../../arm-none-eabi/lib/armv7-m\libm.a
START GROUP
LOAD c:/program files/gnu tools arm embedded/4.9 2015q2/bin/../lib/gcc/arm-none-eabi/4.9.3/armv7-m\libgcc.a
LOAD c:/program files/gnu tools arm embedded/4.9 2015q2/bin/../lib/gcc/arm-none-eabi/4.9.3/../../../../arm-none-eabi/lib/armv7-m\libc.a
END GROUP
START GROUP
LOAD c:/program files/gnu tools arm embedded/4.9 2015q2/bin/../lib/gcc/arm-none-eabi/4.9.3/armv7-m\libgcc.a
LOAD c:/program files/gnu tools arm embedded/4.9 2015q2/bin/../lib/gcc/arm-none-eabi/4.9.3/../../../../arm-none-eabi/lib/armv7-m\libc.a
LOAD c:/program files/gnu tools arm embedded/4.9 2015q2/bin/../lib/gcc/arm-none-eabi/4.9.3/../../../../arm-none-eabi/lib/armv7-m\libm.a
END GROUP

.text           0x08002000     0x1d54
 *(.isr_vector)
 .isr_vector    0x08002000       0xec ./release/startup-gcc.o
                0x08002000                __isr_vector
 *(.text*)
 .text          0x080020ec       0x8c ./release/test_gpio.o
                0x080020ec                main1
 .text          0x08002178      0x338 ./release/pilote_io.o
                0x08002178                Port_IO_Init_Clock
                0x08002210                Port_IO_Init_Output
                0x080022a0                Port_IO_Init_Output_AF
                0x08002330                Port_IO_Init_Input
                0x080023c0                Port_IO_Set
                0x080023f4                Port_IO_Reset
                0x08002428                Port_IO_Blink
                0x0800245c                Port_IO_Read
                0x0800248c                Broche_Valide
 .text          0x080024b0      0x1f8 ./release/clock.o
                0x0800256c                CLOCK_Configure
                0x08002620                CLOCK_GetTIMCLK
                0x08002658                CLOCK_GetHCLK
                0x0800266c                CLOCK_GetPCLK1
                0x08002680                CLOCK_GetPCLK2
                0x08002694                CLOCK_GetADCCLK
 .text          0x080026a8       0xc8 ./release/test_timer.o
                0x080026a8                main
                0x080026f8                Test_Angle
 .text          0x08002770       0xb4 ./release/pilote_adc.o
                0x08002770                Init_ADC_Single_Conv
 .text          0x08002824      0x6f4 ./release/pilote_timer.o
                0x08002824                brancheClockTimer
                0x080028a4                Timer_Active_IT
                0x080029d4                Timer_1234_Init
                0x08002a94                TIM2_IRQHandler
                0x08002ac0                startTimer
                0x08002ae4                stopTimer
                0x08002b08                Set_PWM_DC
                0x08002bc8                Init_PWM_Out
                0x08002d3c                Pwm_Input_Mode_TIM4
                0x08002e28                Init_IT_CodInc
                0x08002e7c                EXTI9_5_IRQHandler
                0x08002ea4                CodInc_RAZ
                0x08002ebc                CodInc_Init
                0x08002f00                Get_Value_CodInc
 .text          0x08002f18       0x88 ./release/service_servo.o
                0x08002f18                Init_Servo
                0x08002f3c                Set_Angle_Servo
 .text          0x08002fa0       0x40 ./release/service_girouette.o
                0x08002fa0                Init_Girouette
                0x08002fbc                Get_Angle_Girouette
                0x08002fd4                CodInc_IT_Index
 .text          0x08002fe0       0x88 ./release/startup-gcc.o
                0x08002fe0                Reset_Handler
                0x08003050                SystemInit
                0x08003052                NMI_Handler
                0x08003054                HardFault_Handler
                0x08003056                MemManage_Handler
                0x08003058                BusFault_Handler
                0x0800305a                UsageFault_Handler
                0x0800305c                SVC_Handler
                0x0800305e                DebugMon_Handler
                0x08003060                PendSV_Handler
                0x08003062                SysTick_Handler
                0x08003064                I2C2_EV_IRQHandler
                0x08003064                DMAChannel1_IRQHandler
                0x08003064                DMAChannel7_IRQHandler
                0x08003064                SPI1_IRQHandler
                0x08003064                TAMPER_IRQHandler
                0x08003064                DMAChannel4_IRQHandler
                0x08003064                USART3_IRQHandler
                0x08003064                EXTI0_IRQHandler
                0x08003064                EXTI3_IRQHandler
                0x08003064                CAN1_RX1_IRQHandler
                0x08003064                TIM4_IRQHandler
                0x08003064                I2C1_EV_IRQHandler
                0x08003064                TIM3_IRQHandler
                0x08003064                RCC_IRQHandler
                0x08003064                TIM1_TRG_COM_IRQHandler
                0x08003064                EXTI15_10_IRQHandler
                0x08003064                ADC_IRQHandler
                0x08003064                DMAChannel5_IRQHandler
                0x08003064                DMAChannel2_IRQHandler
                0x08003064                SPI2_IRQHandler
                0x08003064                PVD_IRQHandler
                0x08003064                TIM1_CC_IRQHandler
                0x08003064                EXTI4_IRQHandler
                0x08003064                USB_LP_CAN1_RX0_IRQHandler
                0x08003064                RTC_IRQHandler
                0x08003064                USB_HP_CAN1_TX_IRQHandler
                0x08003064                TIM1_UP_IRQHandler
                0x08003064                WWDG_IRQHandler
                0x08003064                TIM1_BRK_IRQHandler
                0x08003064                EXTI1_IRQHandler
                0x08003064                RTCAlarm_IRQHandler
                0x08003064                USART2_IRQHandler
                0x08003064                I2C2_ER_IRQHandler
                0x08003064                CAN1_SCE_IRQHandler
                0x08003064                FLASH_IRQHandler
                0x08003064                DMAChannel6_IRQHandler
                0x08003064                DMAChannel3_IRQHandler
                0x08003064                EXTI2_IRQHandler
                0x08003064                USART1_IRQHandler
                0x08003064                I2C1_ER_IRQHandler
                0x08003064                USBWakeUp_IRQHandler
 .text          0x08003068      0x370 c:/program files/gnu tools arm embedded/4.9 2015q2/bin/../lib/gcc/arm-none-eabi/4.9.3/armv7-m\libgcc.a(_arm_addsubdf3.o)
                0x08003068                __aeabi_drsub
                0x08003070                __aeabi_dsub
                0x08003070                __subdf3
                0x08003074                __aeabi_dadd
                0x08003074                __adddf3
                0x080032ec                __floatunsidf
                0x080032ec                __aeabi_ui2d
                0x0800330c                __floatsidf
                0x0800330c                __aeabi_i2d
                0x08003330                __aeabi_f2d
                0x08003330                __extendsfdf2
                0x0800336c                __floatundidf
                0x0800336c                __aeabi_ul2d
                0x0800337c                __floatdidf
                0x0800337c                __aeabi_l2d
 .text          0x080033d8      0x424 c:/program files/gnu tools arm embedded/4.9 2015q2/bin/../lib/gcc/arm-none-eabi/4.9.3/armv7-m\libgcc.a(_arm_muldivdf3.o)
                0x080033d8                __aeabi_dmul
                0x080033d8                __muldf3
                0x0800362c                __divdf3
                0x0800362c                __aeabi_ddiv
 .text          0x080037fc       0x50 c:/program files/gnu tools arm embedded/4.9 2015q2/bin/../lib/gcc/arm-none-eabi/4.9.3/armv7-m\libgcc.a(_arm_fixdfsi.o)
                0x080037fc                __aeabi_d2iz
                0x080037fc                __fixdfsi
 .text          0x0800384c      0x21c c:/program files/gnu tools arm embedded/4.9 2015q2/bin/../lib/gcc/arm-none-eabi/4.9.3/armv7-m\libgcc.a(_arm_addsubsf3.o)
                0x0800384c                __aeabi_frsub
                0x08003854                __subsf3
                0x08003854                __aeabi_fsub
                0x08003858                __aeabi_fadd
                0x08003858                __addsf3
                0x080039b8                __aeabi_ui2f
                0x080039b8                __floatunsisf
                0x080039c0                __aeabi_i2f
                0x080039c0                __floatsisf
                0x080039dc                __aeabi_ul2f
                0x080039dc                __floatundisf
                0x080039ec                __aeabi_l2f
                0x080039ec                __floatdisf
 .text          0x08003a68      0x2a0 c:/program files/gnu tools arm embedded/4.9 2015q2/bin/../lib/gcc/arm-none-eabi/4.9.3/armv7-m\libgcc.a(_arm_muldivsf3.o)
                0x08003a68                __mulsf3
                0x08003a68                __aeabi_fmul
                0x08003bd0                __aeabi_fdiv
                0x08003bd0                __divsf3
 .text          0x08003d08       0x4c c:/program files/gnu tools arm embedded/4.9 2015q2/bin/../lib/gcc/arm-none-eabi/4.9.3/armv7-m\libgcc.a(_arm_fixsfsi.o)
                0x08003d08                __aeabi_f2iz
                0x08003d08                __fixsfsi
 *(.init)
 *(.fini)
 *crtbegin.o(.ctors)
 *crtbegin?.o(.ctors)
 *(EXCLUDE_FILE(*crtend.o *crtend?.o) .ctors)
 *(SORT(.ctors.*))
 *(.ctors)
 *crtbegin.o(.dtors)
 *crtbegin?.o(.dtors)
 *(EXCLUDE_FILE(*crtend.o *crtend?.o) .dtors)
 *(SORT(.dtors.*))
 *(.dtors)
 *(.rodata*)
 *(.eh_frame*)

.glue_7         0x08003d54        0x0
 .glue_7        0x00000000        0x0 linker stubs

.glue_7t        0x08003d54        0x0
 .glue_7t       0x00000000        0x0 linker stubs

.vfp11_veneer   0x08003d54        0x0
 .vfp11_veneer  0x00000000        0x0 linker stubs

.v4_bx          0x08003d54        0x0
 .v4_bx         0x00000000        0x0 linker stubs

.iplt           0x08003d54        0x0
 .iplt          0x00000000        0x0 ./release/test_gpio.o

.rel.dyn        0x08003d54        0x0
 .rel.iplt      0x00000000        0x0 ./release/test_gpio.o

.ARM.extab
 *(.ARM.extab* .gnu.linkonce.armextab.*)
                0x08003d54                __exidx_start = .

.ARM.exidx
 *(.ARM.exidx* .gnu.linkonce.armexidx.*)
                0x08003d54                __exidx_end = .
                0x08003d54                __etext = .

.data           0x20000000        0x0 load address 0x08003d54
                0x20000000                __data_start__ = .
 *(vtable)
 *(.data*)
 .data          0x20000000        0x0 ./release/test_gpio.o
 .data          0x20000000        0x0 ./release/pilote_io.o
 .data          0x20000000        0x0 ./release/clock.o
 .data          0x20000000        0x0 ./release/test_timer.o
 .data          0x20000000        0x0 ./release/pilote_adc.o
 .data          0x20000000        0x0 ./release/pilote_timer.o
 .data          0x20000000        0x0 ./release/service_servo.o
 .data          0x20000000        0x0 ./release/service_girouette.o
 .data          0x20000000        0x0 ./release/startup-gcc.o
 .data          0x20000000        0x0 c:/program files/gnu tools arm embedded/4.9 2015q2/bin/../lib/gcc/arm-none-eabi/4.9.3/armv7-m\libgcc.a(_arm_addsubdf3.o)
 .data          0x20000000        0x0 c:/program files/gnu tools arm embedded/4.9 2015q2/bin/../lib/gcc/arm-none-eabi/4.9.3/armv7-m\libgcc.a(_arm_muldivdf3.o)
 .data          0x20000000        0x0 c:/program files/gnu tools arm embedded/4.9 2015q2/bin/../lib/gcc/arm-none-eabi/4.9.3/armv7-m\libgcc.a(_arm_fixdfsi.o)
 .data          0x20000000        0x0 c:/program files/gnu tools arm embedded/4.9 2015q2/bin/../lib/gcc/arm-none-eabi/4.9.3/armv7-m\libgcc.a(_arm_addsubsf3.o)
 .data          0x20000000        0x0 c:/program files/gnu tools arm embedded/4.9 2015q2/bin/../lib/gcc/arm-none-eabi/4.9.3/armv7-m\libgcc.a(_arm_muldivsf3.o)
 .data          0x20000000        0x0 c:/program files/gnu tools arm embedded/4.9 2015q2/bin/../lib/gcc/arm-none-eabi/4.9.3/armv7-m\libgcc.a(_arm_fixsfsi.o)
                0x20000000                . = ALIGN (0x4)
                0x20000000                PROVIDE (__preinit_array_start, .)
 *(.preinit_array)
                0x20000000                PROVIDE (__preinit_array_end, .)
                0x20000000                . = ALIGN (0x4)
                0x20000000                PROVIDE (__init_array_start, .)
 *(SORT(.init_array.*))
 *(.init_array)
                0x20000000                PROVIDE (__init_array_end, .)
                0x20000000                . = ALIGN (0x4)
                0x20000000                PROVIDE (__fini_array_start, .)
 *(SORT(.fini_array.*))
 *(.fini_array)
                0x20000000                PROVIDE (__fini_array_end, .)
                0x20000000                . = ALIGN (0x4)
                0x20000000                __data_end__ = .

.igot.plt       0x20000000        0x0 load address 0x08003d54
 .igot.plt      0x00000000        0x0 ./release/test_gpio.o

.bss            0x20000000       0x18 load address 0x08003d54
                0x20000000                __bss_start__ = .
 *(.bss*)
 .bss           0x20000000        0x0 ./release/test_gpio.o
 .bss           0x20000000        0x0 ./release/pilote_io.o
 .bss           0x20000000        0x0 ./release/clock.o
 .bss           0x20000000        0x0 ./release/test_timer.o
 .bss           0x20000000        0x0 ./release/pilote_adc.o
 .bss           0x20000000        0x0 ./release/pilote_timer.o
 .bss           0x20000000        0x0 ./release/service_servo.o
 .bss           0x20000000        0x0 ./release/service_girouette.o
 .bss           0x20000000        0x0 ./release/startup-gcc.o
 .bss           0x20000000        0x0 c:/program files/gnu tools arm embedded/4.9 2015q2/bin/../lib/gcc/arm-none-eabi/4.9.3/armv7-m\libgcc.a(_arm_addsubdf3.o)
 .bss           0x20000000        0x0 c:/program files/gnu tools arm embedded/4.9 2015q2/bin/../lib/gcc/arm-none-eabi/4.9.3/armv7-m\libgcc.a(_arm_muldivdf3.o)
 .bss           0x20000000        0x0 c:/program files/gnu tools arm embedded/4.9 2015q2/bin/../lib/gcc/arm-none-eabi/4.9.3/armv7-m\libgcc.a(_arm_fixdfsi.o)
 .bss           0x20000000        0x0 c:/program files/gnu tools arm embedded/4.9 2015q2/bin/../lib/gcc/arm-none-eabi/4.9.3/armv7-m\libgcc.a(_arm_addsubsf3.o)
 .bss           0x20000000        0x0 c:/program files/gnu tools arm embedded/4.9 2015q2/bin/../lib/gcc/arm-none-eabi/4.9.3/armv7-m\libgcc.a(_arm_muldivsf3.o)
 .bss           0x20000000        0x0 c:/program files/gnu tools arm embedded/4.9 2015q2/bin/../lib/gcc/arm-none-eabi/4.9.3/armv7-m\libgcc.a(_arm_fixsfsi.o)
 *(COMMON)
 COMMON         0x20000000        0xc ./release/test_timer.o
                0x20000000                Angle
                0x20000004                AngleCom
                0x20000008                Augmente
 COMMON         0x2000000c        0xc ./release/pilote_timer.o
                0x2000000c                Periode_PWM_us
                0x20000010                PtrFn_CodInc
                0x20000014                PtrFn_TIM2
                0x20000018                __bss_end__ = .

.heap           0x20000018      0x800
                0x20000018                __end__ = .
                0x20000018                end = __end__
                0x20000018                _end = __end__
 *(.heap*)
 .heap          0x20000018      0x800 ./release/startup-gcc.o
                0x20000018                __HeapBase
                0x20000818                __HeapLimit = .

.stack_dummy    0x20000018      0xc00
 *(.stack)
 .stack         0x20000018      0xc00 ./release/startup-gcc.o
                0x20005000                __StackTop = (ORIGIN (RAM) + 0x5000)
                0x20004400                __StackLimit = (__StackTop - SIZEOF (.stack_dummy))
                0x20005000                PROVIDE (__stack, __StackTop)
                0x00000001                ASSERT ((__StackLimit >= __HeapLimit), region RAM overflowed with stack)
OUTPUT(./release/TP_GPIO.elf elf32-littlearm)

.debug_info     0x00000000     0x2362
 .debug_info    0x00000000      0x215 ./release/test_gpio.o
 .debug_info    0x00000215      0x3f6 ./release/pilote_io.o
 .debug_info    0x0000060b      0x5a3 ./release/clock.o
 .debug_info    0x00000bae      0x39f ./release/test_timer.o
 .debug_info    0x00000f4d      0x31a ./release/pilote_adc.o
 .debug_info    0x00001267      0x8c7 ./release/pilote_timer.o
 .debug_info    0x00001b2e      0x409 ./release/service_servo.o
 .debug_info    0x00001f37      0x37e ./release/service_girouette.o
 .debug_info    0x000022b5       0xad ./release/startup-gcc.o

.debug_abbrev   0x00000000      0x7e0
 .debug_abbrev  0x00000000       0xb2 ./release/test_gpio.o
 .debug_abbrev  0x000000b2      0x118 ./release/pilote_io.o
 .debug_abbrev  0x000001ca      0x121 ./release/clock.o
 .debug_abbrev  0x000002eb       0xc8 ./release/test_timer.o
 .debug_abbrev  0x000003b3       0xd7 ./release/pilote_adc.o
 .debug_abbrev  0x0000048a      0x1a0 ./release/pilote_timer.o
 .debug_abbrev  0x0000062a       0xd5 ./release/service_servo.o
 .debug_abbrev  0x000006ff       0xcd ./release/service_girouette.o
 .debug_abbrev  0x000007cc       0x14 ./release/startup-gcc.o

.debug_loc      0x00000000      0xb28
 .debug_loc     0x00000000       0x38 ./release/test_gpio.o
 .debug_loc     0x00000038      0x2f4 ./release/pilote_io.o
 .debug_loc     0x0000032c      0x1f4 ./release/clock.o
 .debug_loc     0x00000520       0x58 ./release/test_timer.o
 .debug_loc     0x00000578       0x5c ./release/pilote_adc.o
 .debug_loc     0x000005d4      0x454 ./release/pilote_timer.o
 .debug_loc     0x00000a28       0x7c ./release/service_servo.o
 .debug_loc     0x00000aa4       0x84 ./release/service_girouette.o

.debug_aranges  0x00000000      0x120
 .debug_aranges
                0x00000000       0x20 ./release/test_gpio.o
 .debug_aranges
                0x00000020       0x20 ./release/pilote_io.o
 .debug_aranges
                0x00000040       0x20 ./release/clock.o
 .debug_aranges
                0x00000060       0x20 ./release/test_timer.o
 .debug_aranges
                0x00000080       0x20 ./release/pilote_adc.o
 .debug_aranges
                0x000000a0       0x20 ./release/pilote_timer.o
 .debug_aranges
                0x000000c0       0x20 ./release/service_servo.o
 .debug_aranges
                0x000000e0       0x20 ./release/service_girouette.o
 .debug_aranges
                0x00000100       0x20 ./release/startup-gcc.o

.debug_line     0x00000000      0xd62
 .debug_line    0x00000000      0x164 ./release/test_gpio.o
 .debug_line    0x00000164      0x1bd ./release/pilote_io.o
 .debug_line    0x00000321      0x1bb ./release/clock.o
 .debug_line    0x000004dc      0x180 ./release/test_timer.o
 .debug_line    0x0000065c      0x16d ./release/pilote_adc.o
 .debug_line    0x000007c9      0x1fd ./release/pilote_timer.o
 .debug_line    0x000009c6      0x177 ./release/service_servo.o
 .debug_line    0x00000b3d      0x17e ./release/service_girouette.o
 .debug_line    0x00000cbb       0xa7 ./release/startup-gcc.o

.debug_str      0x00000000      0x7d0
 .debug_str     0x00000000      0x1cb ./release/test_gpio.o
                                0x215 (size before relaxing)
 .debug_str     0x000001cb       0xc9 ./release/pilote_io.o
                                0x2c7 (size before relaxing)
 .debug_str     0x00000294      0x1cc ./release/clock.o
                                0x3c6 (size before relaxing)
 .debug_str     0x00000460       0x33 ./release/test_timer.o
                                0x2ff (size before relaxing)
 .debug_str     0x00000493       0xa6 ./release/pilote_adc.o
                                0x294 (size before relaxing)
 .debug_str     0x00000539      0x1dc ./release/pilote_timer.o
                                0x4ff (size before relaxing)
 .debug_str     0x00000715       0x53 ./release/service_servo.o
                                0x330 (size before relaxing)
 .debug_str     0x00000768       0x68 ./release/service_girouette.o
                                0x32e (size before relaxing)

.comment        0x00000000       0x70
 .comment       0x00000000       0x70 ./release/test_gpio.o
                                 0x71 (size before relaxing)
 .comment       0x00000000       0x71 ./release/pilote_io.o
 .comment       0x00000000       0x71 ./release/clock.o
 .comment       0x00000000       0x71 ./release/test_timer.o
 .comment       0x00000000       0x71 ./release/pilote_adc.o
 .comment       0x00000000       0x71 ./release/pilote_timer.o
 .comment       0x00000000       0x71 ./release/service_servo.o
 .comment       0x00000000       0x71 ./release/service_girouette.o

.ARM.attributes
                0x00000000       0x31
 .ARM.attributes
                0x00000000       0x33 ./release/test_gpio.o
 .ARM.attributes
                0x00000033       0x33 ./release/pilote_io.o
 .ARM.attributes
                0x00000066       0x33 ./release/clock.o
 .ARM.attributes
                0x00000099       0x33 ./release/test_timer.o
 .ARM.attributes
                0x000000cc       0x33 ./release/pilote_adc.o
 .ARM.attributes
                0x000000ff       0x33 ./release/pilote_timer.o
 .ARM.attributes
                0x00000132       0x33 ./release/service_servo.o
 .ARM.attributes
                0x00000165       0x33 ./release/service_girouette.o
 .ARM.attributes
                0x00000198       0x21 ./release/startup-gcc.o
 .ARM.attributes
                0x000001b9       0x1d c:/program files/gnu tools arm embedded/4.9 2015q2/bin/../lib/gcc/arm-none-eabi/4.9.3/armv7-m\libgcc.a(_arm_addsubdf3.o)
 .ARM.attributes
                0x000001d6       0x1d c:/program files/gnu tools arm embedded/4.9 2015q2/bin/../lib/gcc/arm-none-eabi/4.9.3/armv7-m\libgcc.a(_arm_muldivdf3.o)
 .ARM.attributes
                0x000001f3       0x1d c:/program files/gnu tools arm embedded/4.9 2015q2/bin/../lib/gcc/arm-none-eabi/4.9.3/armv7-m\libgcc.a(_arm_fixdfsi.o)
 .ARM.attributes
                0x00000210       0x1d c:/program files/gnu tools arm embedded/4.9 2015q2/bin/../lib/gcc/arm-none-eabi/4.9.3/armv7-m\libgcc.a(_arm_addsubsf3.o)
 .ARM.attributes
                0x0000022d       0x1d c:/program files/gnu tools arm embedded/4.9 2015q2/bin/../lib/gcc/arm-none-eabi/4.9.3/armv7-m\libgcc.a(_arm_muldivsf3.o)
 .ARM.attributes
                0x0000024a       0x1d c:/program files/gnu tools arm embedded/4.9 2015q2/bin/../lib/gcc/arm-none-eabi/4.9.3/armv7-m\libgcc.a(_arm_fixsfsi.o)

.debug_frame    0x00000000      0x5cc
 .debug_frame   0x00000000       0x30 ./release/test_gpio.o
 .debug_frame   0x00000030      0x160 ./release/pilote_io.o
 .debug_frame   0x00000190       0xfc ./release/clock.o
 .debug_frame   0x0000028c       0x48 ./release/test_timer.o
 .debug_frame   0x000002d4       0x38 ./release/pilote_adc.o
 .debug_frame   0x0000030c      0x20c ./release/pilote_timer.o
 .debug_frame   0x00000518       0x50 ./release/service_servo.o
 .debug_frame   0x00000568       0x64 ./release/service_girouette.o
