Archive member included because of file (symbol)

c:/program files/gnu tools arm embedded/4.9 2015q2/bin/../lib/gcc/arm-none-eabi/4.9.3/armv7-m\libgcc.a(_arm_addsubsf3.o)
                              ./release/timer1234.o (__aeabi_i2f)
c:/program files/gnu tools arm embedded/4.9 2015q2/bin/../lib/gcc/arm-none-eabi/4.9.3/armv7-m\libgcc.a(_arm_muldivsf3.o)
                              ./release/timer1234.o (__aeabi_fmul)
c:/program files/gnu tools arm embedded/4.9 2015q2/bin/../lib/gcc/arm-none-eabi/4.9.3/armv7-m\libgcc.a(_arm_cmpsf2.o)
                              ./release/timer1234.o (__aeabi_fcmple)
c:/program files/gnu tools arm embedded/4.9 2015q2/bin/../lib/gcc/arm-none-eabi/4.9.3/armv7-m\libgcc.a(_arm_fixsfsi.o)
                              ./release/timer1234.o (__aeabi_f2iz)
c:/program files/gnu tools arm embedded/4.9 2015q2/bin/../lib/gcc/arm-none-eabi/4.9.3/armv7-m\libgcc.a(_arm_fixunssfsi.o)
                              ./release/timer1234.o (__aeabi_f2uiz)

Allocating common symbols
Common symbol       size              file

Periode_PWM_us      0x4               ./release/timer1234.o
PtrFn_CodInc        0x4               ./release/codinc.o
PtrFn_TIM2          0x4               ./release/timer1234.o

Memory Configuration

Name             Origin             Length             Attributes
FLASH            0x08002000         0x00020000         xr
RAM              0x20000000         0x00005000         rw
*default*        0x00000000         0xffffffff

Linker script and memory map

LOAD ./release/test_gpio.o
LOAD ./release/pilote_io.o
LOAD ./release/clock.o
LOAD ./release/test_timer.o
LOAD ./release/timer1234.o
LOAD ./release/pilote_adc.o
LOAD ./release/codinc.o
LOAD ./release/startup-gcc.o
LOAD c:/program files/gnu tools arm embedded/4.9 2015q2/bin/../lib/gcc/arm-none-eabi/4.9.3/../../../../arm-none-eabi/lib/armv7-m\libm.a
START GROUP
LOAD c:/program files/gnu tools arm embedded/4.9 2015q2/bin/../lib/gcc/arm-none-eabi/4.9.3/armv7-m\libgcc.a
LOAD c:/program files/gnu tools arm embedded/4.9 2015q2/bin/../lib/gcc/arm-none-eabi/4.9.3/../../../../arm-none-eabi/lib/armv7-m\libc.a
END GROUP
START GROUP
LOAD c:/program files/gnu tools arm embedded/4.9 2015q2/bin/../lib/gcc/arm-none-eabi/4.9.3/armv7-m\libgcc.a
LOAD c:/program files/gnu tools arm embedded/4.9 2015q2/bin/../lib/gcc/arm-none-eabi/4.9.3/../../../../arm-none-eabi/lib/armv7-m\libc.a
LOAD c:/program files/gnu tools arm embedded/4.9 2015q2/bin/../lib/gcc/arm-none-eabi/4.9.3/../../../../arm-none-eabi/lib/armv7-m\libm.a
END GROUP

.text           0x08002000     0x12b4
 *(.isr_vector)
 .isr_vector    0x08002000       0xec ./release/startup-gcc.o
                0x08002000                __isr_vector
 *(.text*)
 .text          0x080020ec       0x8c ./release/test_gpio.o
                0x080020ec                main1
 .text          0x08002178      0x2a8 ./release/pilote_io.o
                0x08002178                Port_IO_Init_Clock
                0x08002210                Port_IO_Init_Output
                0x080022a0                Port_IO_Init_Input
                0x08002330                Port_IO_Set
                0x08002364                Port_IO_Reset
                0x08002398                Port_IO_Blink
                0x080023cc                Port_IO_Read
                0x080023fc                Broche_Valide
 .text          0x08002420      0x1f8 ./release/clock.o
                0x080024dc                CLOCK_Configure
                0x08002590                CLOCK_GetTIMCLK
                0x080025c8                CLOCK_GetHCLK
                0x080025dc                CLOCK_GetPCLK1
                0x080025f0                CLOCK_GetPCLK2
                0x08002604                CLOCK_GetADCCLK
 .text          0x08002618       0x58 ./release/test_timer.o
                0x08002618                main
                0x08002664                CodInc_IT_Index
 .text          0x08002670      0x37c ./release/timer1234.o
                0x08002670                brancheClockTimer
                0x080026f0                Timer_Active_IT
                0x08002820                Timer_1234_Init
                0x080028e8                TIM2_IRQHandler
                0x08002914                Set_PWM_cycle
                0x08002970                Init_Timer_PWM
 .text          0x080029ec       0xb4 ./release/pilote_adc.o
                0x080029ec                Init_ADC_Single_Conv
 .text          0x08002aa0      0x158 ./release/codinc.o
                0x08002aa0                brancheClockTimer_CodInc
                0x08002b20                Init_IT_CodInc
                0x08002b74                EXTI9_5_IRQHandler
                0x08002b9c                CodInc_RAZ
                0x08002bb4                CodInc_Init
 .text          0x08002bf8       0x88 ./release/startup-gcc.o
                0x08002bf8                Reset_Handler
                0x08002c68                SystemInit
                0x08002c6a                NMI_Handler
                0x08002c6c                HardFault_Handler
                0x08002c6e                MemManage_Handler
                0x08002c70                BusFault_Handler
                0x08002c72                UsageFault_Handler
                0x08002c74                SVC_Handler
                0x08002c76                DebugMon_Handler
                0x08002c78                PendSV_Handler
                0x08002c7a                SysTick_Handler
                0x08002c7c                I2C2_EV_IRQHandler
                0x08002c7c                DMAChannel1_IRQHandler
                0x08002c7c                DMAChannel7_IRQHandler
                0x08002c7c                SPI1_IRQHandler
                0x08002c7c                TAMPER_IRQHandler
                0x08002c7c                DMAChannel4_IRQHandler
                0x08002c7c                USART3_IRQHandler
                0x08002c7c                EXTI0_IRQHandler
                0x08002c7c                EXTI3_IRQHandler
                0x08002c7c                CAN1_RX1_IRQHandler
                0x08002c7c                TIM4_IRQHandler
                0x08002c7c                I2C1_EV_IRQHandler
                0x08002c7c                TIM3_IRQHandler
                0x08002c7c                RCC_IRQHandler
                0x08002c7c                TIM1_TRG_COM_IRQHandler
                0x08002c7c                EXTI15_10_IRQHandler
                0x08002c7c                ADC_IRQHandler
                0x08002c7c                DMAChannel5_IRQHandler
                0x08002c7c                DMAChannel2_IRQHandler
                0x08002c7c                SPI2_IRQHandler
                0x08002c7c                PVD_IRQHandler
                0x08002c7c                TIM1_CC_IRQHandler
                0x08002c7c                EXTI4_IRQHandler
                0x08002c7c                USB_LP_CAN1_RX0_IRQHandler
                0x08002c7c                RTC_IRQHandler
                0x08002c7c                USB_HP_CAN1_TX_IRQHandler
                0x08002c7c                TIM1_UP_IRQHandler
                0x08002c7c                WWDG_IRQHandler
                0x08002c7c                TIM1_BRK_IRQHandler
                0x08002c7c                EXTI1_IRQHandler
                0x08002c7c                RTCAlarm_IRQHandler
                0x08002c7c                USART2_IRQHandler
                0x08002c7c                I2C2_ER_IRQHandler
                0x08002c7c                CAN1_SCE_IRQHandler
                0x08002c7c                FLASH_IRQHandler
                0x08002c7c                DMAChannel6_IRQHandler
                0x08002c7c                DMAChannel3_IRQHandler
                0x08002c7c                EXTI2_IRQHandler
                0x08002c7c                USART1_IRQHandler
                0x08002c7c                I2C1_ER_IRQHandler
                0x08002c7c                USBWakeUp_IRQHandler
 .text          0x08002c80      0x21c c:/program files/gnu tools arm embedded/4.9 2015q2/bin/../lib/gcc/arm-none-eabi/4.9.3/armv7-m\libgcc.a(_arm_addsubsf3.o)
                0x08002c80                __aeabi_frsub
                0x08002c88                __subsf3
                0x08002c88                __aeabi_fsub
                0x08002c8c                __aeabi_fadd
                0x08002c8c                __addsf3
                0x08002dec                __aeabi_ui2f
                0x08002dec                __floatunsisf
                0x08002df4                __aeabi_i2f
                0x08002df4                __floatsisf
                0x08002e10                __aeabi_ul2f
                0x08002e10                __floatundisf
                0x08002e20                __aeabi_l2f
                0x08002e20                __floatdisf
 .text          0x08002e9c      0x2a0 c:/program files/gnu tools arm embedded/4.9 2015q2/bin/../lib/gcc/arm-none-eabi/4.9.3/armv7-m\libgcc.a(_arm_muldivsf3.o)
                0x08002e9c                __mulsf3
                0x08002e9c                __aeabi_fmul
                0x08003004                __aeabi_fdiv
                0x08003004                __divsf3
 .text          0x0800313c       0xec c:/program files/gnu tools arm embedded/4.9 2015q2/bin/../lib/gcc/arm-none-eabi/4.9.3/armv7-m\libgcc.a(_arm_cmpsf2.o)
                0x0800313c                __gesf2
                0x0800313c                __gtsf2
                0x08003144                __lesf2
                0x08003144                __ltsf2
                0x0800314c                __nesf2
                0x0800314c                __eqsf2
                0x0800314c                __cmpsf2
                0x080031ac                __aeabi_cfrcmple
                0x080031b4                __aeabi_cfcmpeq
                0x080031b4                __aeabi_cfcmple
                0x080031c4                __aeabi_fcmpeq
                0x080031d8                __aeabi_fcmplt
                0x080031ec                __aeabi_fcmple
                0x08003200                __aeabi_fcmpge
                0x08003214                __aeabi_fcmpgt
 .text          0x08003228       0x4c c:/program files/gnu tools arm embedded/4.9 2015q2/bin/../lib/gcc/arm-none-eabi/4.9.3/armv7-m\libgcc.a(_arm_fixsfsi.o)
                0x08003228                __aeabi_f2iz
                0x08003228                __fixsfsi
 .text          0x08003274       0x40 c:/program files/gnu tools arm embedded/4.9 2015q2/bin/../lib/gcc/arm-none-eabi/4.9.3/armv7-m\libgcc.a(_arm_fixunssfsi.o)
                0x08003274                __fixunssfsi
                0x08003274                __aeabi_f2uiz
 *(.init)
 *(.fini)
 *crtbegin.o(.ctors)
 *crtbegin?.o(.ctors)
 *(EXCLUDE_FILE(*crtend.o *crtend?.o) .ctors)
 *(SORT(.ctors.*))
 *(.ctors)
 *crtbegin.o(.dtors)
 *crtbegin?.o(.dtors)
 *(EXCLUDE_FILE(*crtend.o *crtend?.o) .dtors)
 *(SORT(.dtors.*))
 *(.dtors)
 *(.rodata*)
 *(.eh_frame*)

.glue_7         0x080032b4        0x0
 .glue_7        0x00000000        0x0 linker stubs

.glue_7t        0x080032b4        0x0
 .glue_7t       0x00000000        0x0 linker stubs

.vfp11_veneer   0x080032b4        0x0
 .vfp11_veneer  0x00000000        0x0 linker stubs

.v4_bx          0x080032b4        0x0
 .v4_bx         0x00000000        0x0 linker stubs

.iplt           0x080032b4        0x0
 .iplt          0x00000000        0x0 ./release/test_gpio.o

.rel.dyn        0x080032b4        0x0
 .rel.iplt      0x00000000        0x0 ./release/test_gpio.o

.ARM.extab
 *(.ARM.extab* .gnu.linkonce.armextab.*)
                0x080032b4                __exidx_start = .

.ARM.exidx
 *(.ARM.exidx* .gnu.linkonce.armexidx.*)
                0x080032b4                __exidx_end = .
                0x080032b4                __etext = .

.data           0x20000000        0x0 load address 0x080032b4
                0x20000000                __data_start__ = .
 *(vtable)
 *(.data*)
 .data          0x20000000        0x0 ./release/test_gpio.o
 .data          0x20000000        0x0 ./release/pilote_io.o
 .data          0x20000000        0x0 ./release/clock.o
 .data          0x20000000        0x0 ./release/test_timer.o
 .data          0x20000000        0x0 ./release/timer1234.o
 .data          0x20000000        0x0 ./release/pilote_adc.o
 .data          0x20000000        0x0 ./release/codinc.o
 .data          0x20000000        0x0 ./release/startup-gcc.o
 .data          0x20000000        0x0 c:/program files/gnu tools arm embedded/4.9 2015q2/bin/../lib/gcc/arm-none-eabi/4.9.3/armv7-m\libgcc.a(_arm_addsubsf3.o)
 .data          0x20000000        0x0 c:/program files/gnu tools arm embedded/4.9 2015q2/bin/../lib/gcc/arm-none-eabi/4.9.3/armv7-m\libgcc.a(_arm_muldivsf3.o)
 .data          0x20000000        0x0 c:/program files/gnu tools arm embedded/4.9 2015q2/bin/../lib/gcc/arm-none-eabi/4.9.3/armv7-m\libgcc.a(_arm_cmpsf2.o)
 .data          0x20000000        0x0 c:/program files/gnu tools arm embedded/4.9 2015q2/bin/../lib/gcc/arm-none-eabi/4.9.3/armv7-m\libgcc.a(_arm_fixsfsi.o)
 .data          0x20000000        0x0 c:/program files/gnu tools arm embedded/4.9 2015q2/bin/../lib/gcc/arm-none-eabi/4.9.3/armv7-m\libgcc.a(_arm_fixunssfsi.o)
                0x20000000                . = ALIGN (0x4)
                0x20000000                PROVIDE (__preinit_array_start, .)
 *(.preinit_array)
                0x20000000                PROVIDE (__preinit_array_end, .)
                0x20000000                . = ALIGN (0x4)
                0x20000000                PROVIDE (__init_array_start, .)
 *(SORT(.init_array.*))
 *(.init_array)
                0x20000000                PROVIDE (__init_array_end, .)
                0x20000000                . = ALIGN (0x4)
                0x20000000                PROVIDE (__fini_array_start, .)
 *(SORT(.fini_array.*))
 *(.fini_array)
                0x20000000                PROVIDE (__fini_array_end, .)
                0x20000000                . = ALIGN (0x4)
                0x20000000                __data_end__ = .

.igot.plt       0x20000000        0x0 load address 0x080032b4
 .igot.plt      0x00000000        0x0 ./release/test_gpio.o

.bss            0x20000000        0xc load address 0x080032b4
                0x20000000                __bss_start__ = .
 *(.bss*)
 .bss           0x20000000        0x0 ./release/test_gpio.o
 .bss           0x20000000        0x0 ./release/pilote_io.o
 .bss           0x20000000        0x0 ./release/clock.o
 .bss           0x20000000        0x0 ./release/test_timer.o
 .bss           0x20000000        0x0 ./release/timer1234.o
 .bss           0x20000000        0x0 ./release/pilote_adc.o
 .bss           0x20000000        0x0 ./release/codinc.o
 .bss           0x20000000        0x0 ./release/startup-gcc.o
 .bss           0x20000000        0x0 c:/program files/gnu tools arm embedded/4.9 2015q2/bin/../lib/gcc/arm-none-eabi/4.9.3/armv7-m\libgcc.a(_arm_addsubsf3.o)
 .bss           0x20000000        0x0 c:/program files/gnu tools arm embedded/4.9 2015q2/bin/../lib/gcc/arm-none-eabi/4.9.3/armv7-m\libgcc.a(_arm_muldivsf3.o)
 .bss           0x20000000        0x0 c:/program files/gnu tools arm embedded/4.9 2015q2/bin/../lib/gcc/arm-none-eabi/4.9.3/armv7-m\libgcc.a(_arm_cmpsf2.o)
 .bss           0x20000000        0x0 c:/program files/gnu tools arm embedded/4.9 2015q2/bin/../lib/gcc/arm-none-eabi/4.9.3/armv7-m\libgcc.a(_arm_fixsfsi.o)
 .bss           0x20000000        0x0 c:/program files/gnu tools arm embedded/4.9 2015q2/bin/../lib/gcc/arm-none-eabi/4.9.3/armv7-m\libgcc.a(_arm_fixunssfsi.o)
 *(COMMON)
 COMMON         0x20000000        0x8 ./release/timer1234.o
                0x20000000                Periode_PWM_us
                0x20000004                PtrFn_TIM2
 COMMON         0x20000008        0x4 ./release/codinc.o
                0x20000008                PtrFn_CodInc
                0x2000000c                __bss_end__ = .

.heap           0x20000010      0x800
                0x20000010                __end__ = .
                0x20000010                end = __end__
                0x20000010                _end = __end__
 *(.heap*)
 .heap          0x20000010      0x800 ./release/startup-gcc.o
                0x20000010                __HeapBase
                0x20000810                __HeapLimit = .

.stack_dummy    0x20000010      0xc00
 *(.stack)
 .stack         0x20000010      0xc00 ./release/startup-gcc.o
                0x20005000                __StackTop = (ORIGIN (RAM) + 0x5000)
                0x20004400                __StackLimit = (__StackTop - SIZEOF (.stack_dummy))
                0x20005000                PROVIDE (__stack, __StackTop)
                0x00000001                ASSERT ((__StackLimit >= __HeapLimit), region RAM overflowed with stack)
OUTPUT(./release/TP_GPIO.elf elf32-littlearm)

.debug_info     0x00000000     0x20c4
 .debug_info    0x00000000      0x215 ./release/test_gpio.o
 .debug_info    0x00000215      0x3bb ./release/pilote_io.o
 .debug_info    0x000005d0      0x5a3 ./release/clock.o
 .debug_info    0x00000b73      0x3ed ./release/test_timer.o
 .debug_info    0x00000f60      0x6fc ./release/timer1234.o
 .debug_info    0x0000165c      0x31a ./release/pilote_adc.o
 .debug_info    0x00001976      0x6a1 ./release/codinc.o
 .debug_info    0x00002017       0xad ./release/startup-gcc.o

.debug_abbrev   0x00000000      0x74d
 .debug_abbrev  0x00000000       0xb2 ./release/test_gpio.o
 .debug_abbrev  0x000000b2      0x118 ./release/pilote_io.o
 .debug_abbrev  0x000001ca      0x121 ./release/clock.o
 .debug_abbrev  0x000002eb       0xb7 ./release/test_timer.o
 .debug_abbrev  0x000003a2      0x172 ./release/timer1234.o
 .debug_abbrev  0x00000514       0xd7 ./release/pilote_adc.o
 .debug_abbrev  0x000005eb      0x14e ./release/codinc.o
 .debug_abbrev  0x00000739       0x14 ./release/startup-gcc.o

.debug_loc      0x00000000      0x8d0
 .debug_loc     0x00000000       0x38 ./release/test_gpio.o
 .debug_loc     0x00000038      0x2a4 ./release/pilote_io.o
 .debug_loc     0x000002dc      0x1f4 ./release/clock.o
 .debug_loc     0x000004d0       0x58 ./release/test_timer.o
 .debug_loc     0x00000528      0x1d4 ./release/timer1234.o
 .debug_loc     0x000006fc       0x5c ./release/pilote_adc.o
 .debug_loc     0x00000758      0x178 ./release/codinc.o

.debug_aranges  0x00000000      0x100
 .debug_aranges
                0x00000000       0x20 ./release/test_gpio.o
 .debug_aranges
                0x00000020       0x20 ./release/pilote_io.o
 .debug_aranges
                0x00000040       0x20 ./release/clock.o
 .debug_aranges
                0x00000060       0x20 ./release/test_timer.o
 .debug_aranges
                0x00000080       0x20 ./release/timer1234.o
 .debug_aranges
                0x000000a0       0x20 ./release/pilote_adc.o
 .debug_aranges
                0x000000c0       0x20 ./release/codinc.o
 .debug_aranges
                0x000000e0       0x20 ./release/startup-gcc.o

.debug_line     0x00000000      0xb6e
 .debug_line    0x00000000      0x164 ./release/test_gpio.o
 .debug_line    0x00000164      0x1ab ./release/pilote_io.o
 .debug_line    0x0000030f      0x1bb ./release/clock.o
 .debug_line    0x000004ca      0x162 ./release/test_timer.o
 .debug_line    0x0000062c      0x1ae ./release/timer1234.o
 .debug_line    0x000007da      0x16d ./release/pilote_adc.o
 .debug_line    0x00000947      0x180 ./release/codinc.o
 .debug_line    0x00000ac7       0xa7 ./release/startup-gcc.o

.debug_str      0x00000000      0x6d4
 .debug_str     0x00000000      0x1cb ./release/test_gpio.o
                                0x215 (size before relaxing)
 .debug_str     0x000001cb       0xb2 ./release/pilote_io.o
                                0x2b0 (size before relaxing)
 .debug_str     0x0000027d      0x1cc ./release/clock.o
                                0x3c6 (size before relaxing)
 .debug_str     0x00000449       0x26 ./release/test_timer.o
                                0x303 (size before relaxing)
 .debug_str     0x0000046f      0x12b ./release/timer1234.o
                                0x448 (size before relaxing)
 .debug_str     0x0000059a       0xa0 ./release/pilote_adc.o
                                0x294 (size before relaxing)
 .debug_str     0x0000063a       0x9a ./release/codinc.o
                                0x3fd (size before relaxing)

.comment        0x00000000       0x70
 .comment       0x00000000       0x70 ./release/test_gpio.o
                                 0x71 (size before relaxing)
 .comment       0x00000000       0x71 ./release/pilote_io.o
 .comment       0x00000000       0x71 ./release/clock.o
 .comment       0x00000000       0x71 ./release/test_timer.o
 .comment       0x00000000       0x71 ./release/timer1234.o
 .comment       0x00000000       0x71 ./release/pilote_adc.o
 .comment       0x00000000       0x71 ./release/codinc.o

.ARM.attributes
                0x00000000       0x31
 .ARM.attributes
                0x00000000       0x33 ./release/test_gpio.o
 .ARM.attributes
                0x00000033       0x33 ./release/pilote_io.o
 .ARM.attributes
                0x00000066       0x33 ./release/clock.o
 .ARM.attributes
                0x00000099       0x33 ./release/test_timer.o
 .ARM.attributes
                0x000000cc       0x33 ./release/timer1234.o
 .ARM.attributes
                0x000000ff       0x33 ./release/pilote_adc.o
 .ARM.attributes
                0x00000132       0x33 ./release/codinc.o
 .ARM.attributes
                0x00000165       0x21 ./release/startup-gcc.o
 .ARM.attributes
                0x00000186       0x1d c:/program files/gnu tools arm embedded/4.9 2015q2/bin/../lib/gcc/arm-none-eabi/4.9.3/armv7-m\libgcc.a(_arm_addsubsf3.o)
 .ARM.attributes
                0x000001a3       0x1d c:/program files/gnu tools arm embedded/4.9 2015q2/bin/../lib/gcc/arm-none-eabi/4.9.3/armv7-m\libgcc.a(_arm_muldivsf3.o)
 .ARM.attributes
                0x000001c0       0x1d c:/program files/gnu tools arm embedded/4.9 2015q2/bin/../lib/gcc/arm-none-eabi/4.9.3/armv7-m\libgcc.a(_arm_cmpsf2.o)
 .ARM.attributes
                0x000001dd       0x1d c:/program files/gnu tools arm embedded/4.9 2015q2/bin/../lib/gcc/arm-none-eabi/4.9.3/armv7-m\libgcc.a(_arm_fixsfsi.o)
 .ARM.attributes
                0x000001fa       0x1d c:/program files/gnu tools arm embedded/4.9 2015q2/bin/../lib/gcc/arm-none-eabi/4.9.3/armv7-m\libgcc.a(_arm_fixunssfsi.o)

.debug_frame    0x00000000      0x490
 .debug_frame   0x00000000       0x30 ./release/test_gpio.o
 .debug_frame   0x00000030      0x13c ./release/pilote_io.o
 .debug_frame   0x0000016c       0xfc ./release/clock.o
 .debug_frame   0x00000268       0x48 ./release/test_timer.o
 .debug_frame   0x000002b0       0xe8 ./release/timer1234.o
 .debug_frame   0x00000398       0x38 ./release/pilote_adc.o
 .debug_frame   0x000003d0       0xc0 ./release/codinc.o
