
Memory Configuration

Name             Origin             Length             Attributes
FLASH            0x08000000         0x00020000         xr
RAM              0x20000000         0x00005000         rw
*default*        0x00000000         0xffffffff

Linker script and memory map

LOAD ./release/test_gpio.o
LOAD ./release/pilote_io.o
LOAD ./release/startup-gcc.o
LOAD c:/program files (x86)/codesourcery/sourcery g++ lite/bin/../lib/gcc/arm-none-eabi/4.3.2/../../../../arm-none-eabi/lib/thumb2\libm.a
START GROUP
LOAD c:/program files (x86)/codesourcery/sourcery g++ lite/bin/../lib/gcc/arm-none-eabi/4.3.2/thumb2\libgcc.a
LOAD c:/program files (x86)/codesourcery/sourcery g++ lite/bin/../lib/gcc/arm-none-eabi/4.3.2/../../../../arm-none-eabi/lib/thumb2\libc.a
END GROUP
START GROUP
LOAD c:/program files (x86)/codesourcery/sourcery g++ lite/bin/../lib/gcc/arm-none-eabi/4.3.2/thumb2\libgcc.a
LOAD c:/program files (x86)/codesourcery/sourcery g++ lite/bin/../lib/gcc/arm-none-eabi/4.3.2/../../../../arm-none-eabi/lib/thumb2\libc.a
LOAD c:/program files (x86)/codesourcery/sourcery g++ lite/bin/../lib/gcc/arm-none-eabi/4.3.2/../../../../arm-none-eabi/lib/thumb2\libm.a
END GROUP

.text           0x08000000      0x4e0
 *(.isr_vector)
 .isr_vector    0x08000000       0xec ./release/startup-gcc.o
                0x08000000                __isr_vector
 *(.text*)
 .text          0x080000ec       0xf0 ./release/test_gpio.o
                0x080000ec                main
 .text          0x080001dc      0x27c ./release/pilote_io.o
                0x080003c0                Port_IO_Blink
                0x08000294                Port_IO_Init_Input
                0x080003f8                Port_IO_Read
                0x080001dc                Port_IO_Init_Output
                0x0800034c                Port_IO_Set
                0x08000384                Port_IO_Reset
                0x08000438                Broche_Valide
 .text          0x08000458       0x88 ./release/startup-gcc.o
                0x080004dc                EXTI2_IRQHandler
                0x080004d6                DebugMon_Handler
                0x080004dc                TIM1_CC_IRQHandler
                0x080004cc                HardFault_Handler
                0x080004da                SysTick_Handler
                0x080004dc                PVD_IRQHandler
                0x080004d8                PendSV_Handler
                0x080004ca                NMI_Handler
                0x080004dc                EXTI3_IRQHandler
                0x080004dc                DMAChannel7_IRQHandler
                0x080004dc                EXTI0_IRQHandler
                0x080004dc                I2C2_EV_IRQHandler
                0x080004dc                DMAChannel1_IRQHandler
                0x080004d2                UsageFault_Handler
                0x080004dc                SPI1_IRQHandler
                0x080004dc                TAMPER_IRQHandler
                0x080004dc                DMAChannel4_IRQHandler
                0x080004dc                USART3_IRQHandler
                0x080004dc                RTC_IRQHandler
                0x08000458                Reset_Handler
                0x080004dc                CAN1_RX1_IRQHandler
                0x080004dc                TIM4_IRQHandler
                0x080004dc                I2C1_EV_IRQHandler
                0x080004dc                TIM3_IRQHandler
                0x080004dc                RCC_IRQHandler
                0x080004dc                TIM1_TRG_COM_IRQHandler
                0x080004dc                EXTI15_10_IRQHandler
                0x080004dc                ADC_IRQHandler
                0x080004dc                DMAChannel5_IRQHandler
                0x080004dc                EXTI9_5_IRQHandler
                0x080004dc                DMAChannel2_IRQHandler
                0x080004dc                SPI2_IRQHandler
                0x080004ce                MemManage_Handler
                0x080004d4                SVC_Handler
                0x080004dc                EXTI4_IRQHandler
                0x080004dc                USB_LP_CAN1_RX0_IRQHandler
                0x080004c8                SystemInit
                0x080004dc                USB_HP_CAN1_TX_IRQHandler
                0x080004dc                TIM1_UP_IRQHandler
                0x080004dc                WWDG_IRQHandler
                0x080004dc                TIM2_IRQHandler
                0x080004dc                TIM1_BRK_IRQHandler
                0x080004dc                EXTI1_IRQHandler
                0x080004dc                RTCAlarm_IRQHandler
                0x080004dc                USART2_IRQHandler
                0x080004dc                I2C2_ER_IRQHandler
                0x080004dc                CAN1_SCE_IRQHandler
                0x080004dc                FLASH_IRQHandler
                0x080004dc                DMAChannel6_IRQHandler
                0x080004dc                DMAChannel3_IRQHandler
                0x080004d0                BusFault_Handler
                0x080004dc                USART1_IRQHandler
                0x080004dc                I2C1_ER_IRQHandler
                0x080004dc                USBWakeUp_IRQHandler
 *(.init)
 *(.fini)
 *crtbegin.o(.ctors)
 *crtbegin?.o(.ctors)
 *(EXCLUDE_FILE(*crtend.o *crtend?.o) .ctors)
 *(SORT(.ctors.*))
 *(.ctors)
 *crtbegin.o(.dtors)
 *crtbegin?.o(.dtors)
 *(EXCLUDE_FILE(*crtend.o *crtend?.o) .dtors)
 *(SORT(.dtors.*))
 *(.dtors)
 *(.rodata*)
 *(.eh_frame*)

.glue_7         0x080004e0        0x0
 .glue_7        0x080004e0        0x0 ./release/test_gpio.o
 .glue_7        0x080004e0        0x0 ./release/pilote_io.o
 .glue_7        0x080004e0        0x0 ./release/startup-gcc.o

.glue_7t        0x080004e0        0x0
 .glue_7t       0x080004e0        0x0 ./release/test_gpio.o
 .glue_7t       0x080004e0        0x0 ./release/pilote_io.o
 .glue_7t       0x080004e0        0x0 ./release/startup-gcc.o

.vfp11_veneer   0x080004e0        0x0
 .vfp11_veneer  0x080004e0        0x0 ./release/test_gpio.o
 .vfp11_veneer  0x080004e0        0x0 ./release/pilote_io.o
 .vfp11_veneer  0x080004e0        0x0 ./release/startup-gcc.o

.janus_2cc_veneer
                0x080004e0        0x0
 .janus_2cc_veneer
                0x080004e0        0x0 ./release/test_gpio.o
 .janus_2cc_veneer
                0x080004e0        0x0 ./release/pilote_io.o
 .janus_2cc_veneer
                0x080004e0        0x0 ./release/startup-gcc.o

.v4_bx          0x080004e0        0x0
 .v4_bx         0x080004e0        0x0 ./release/test_gpio.o
 .v4_bx         0x080004e0        0x0 ./release/pilote_io.o
 .v4_bx         0x080004e0        0x0 ./release/startup-gcc.o

.ARM.extab
 *(.ARM.extab* .gnu.linkonce.armextab.*)
                0x080004e0                __exidx_start = .

.ARM.exidx
 *(.ARM.exidx* .gnu.linkonce.armexidx.*)
                0x080004e0                __exidx_end = .
                0x080004e0                __etext = .

.data           0x20000000        0x0 load address 0x080004e0
                0x20000000                __data_start__ = .
 *(vtable)
 *(.data*)
 .data          0x20000000        0x0 ./release/test_gpio.o
 .data          0x20000000        0x0 ./release/pilote_io.o
 .data          0x20000000        0x0 ./release/startup-gcc.o
                0x20000000                . = ALIGN (0x4)
                0x20000000                PROVIDE (__preinit_array_start, .)
 *(.preinit_array)
                0x20000000                PROVIDE (__preinit_array_end, .)
                0x20000000                . = ALIGN (0x4)
                0x20000000                PROVIDE (__init_array_start, .)
 *(SORT(.init_array.*))
 *(.init_array)
                0x20000000                PROVIDE (__init_array_end, .)
                0x20000000                . = ALIGN (0x4)
                0x20000000                PROVIDE (__fini_array_start, .)
 *(SORT(.fini_array.*))
 *(.fini_array)
                0x20000000                PROVIDE (__fini_array_end, .)
                0x20000000                . = ALIGN (0x4)
                0x20000000                __data_end__ = .

.bss            0x20000000        0x0 load address 0x080004e0
                0x20000000                __bss_start__ = .
 *(.bss*)
 .bss           0x20000000        0x0 ./release/test_gpio.o
 .bss           0x20000000        0x0 ./release/pilote_io.o
 .bss           0x20000000        0x0 ./release/startup-gcc.o
 *(COMMON)
                0x20000000                __bss_end__ = .

.heap           0x20000000      0x800
                0x20000000                __end__ = .
                0x20000000                end = __end__
                0x20000000                _end = __end__
 *(.heap*)
 .heap          0x20000000      0x800 ./release/startup-gcc.o
                0x20000000                __HeapBase
                0x20000800                __HeapLimit = .

.stack_dummy    0x20000800      0xc00
 *(.stack)
 .stack         0x20000800      0xc00 ./release/startup-gcc.o
                0x20005000                __StackTop = 0x20005000
                0x20004400                __StackLimit = (__StackTop - SIZEOF (.stack_dummy))
                0x20005000                PROVIDE (__stack, __StackTop)
                0x00000001                ASSERT ((__StackLimit >= __HeapLimit), region RAM overflowed with stack)
OUTPUT(./release/TP_GPIO.elf elf32-littlearm)

.debug_abbrev   0x00000000      0x1a4
 .debug_abbrev  0x00000000       0xab ./release/test_gpio.o
 .debug_abbrev  0x000000ab       0xe5 ./release/pilote_io.o
 .debug_abbrev  0x00000190       0x14 ./release/startup-gcc.o

.debug_info     0x00000000      0x52b
 .debug_info    0x00000000      0x1e2 ./release/test_gpio.o
 .debug_info    0x000001e2      0x2bb ./release/pilote_io.o
 .debug_info    0x0000049d       0x8e ./release/startup-gcc.o

.debug_line     0x00000000      0x30e
 .debug_line    0x00000000      0x12b ./release/test_gpio.o
 .debug_line    0x0000012b      0x14f ./release/pilote_io.o
 .debug_line    0x0000027a       0x94 ./release/startup-gcc.o

.debug_frame    0x00000000      0x110
 .debug_frame   0x00000000       0x30 ./release/test_gpio.o
 .debug_frame   0x00000030       0xe0 ./release/pilote_io.o

.debug_loc      0x00000000      0x1b8
 .debug_loc     0x00000000       0x37 ./release/test_gpio.o
 .debug_loc     0x00000037      0x181 ./release/pilote_io.o

.debug_pubnames
                0x00000000       0xb3
 .debug_pubnames
                0x00000000       0x1b ./release/test_gpio.o
 .debug_pubnames
                0x0000001b       0x98 ./release/pilote_io.o

.debug_aranges  0x00000000       0x60
 .debug_aranges
                0x00000000       0x20 ./release/test_gpio.o
 .debug_aranges
                0x00000020       0x20 ./release/pilote_io.o
 .debug_aranges
                0x00000040       0x20 ./release/startup-gcc.o

.debug_str      0x00000000      0x1a4
 .debug_str     0x00000000       0xfa ./release/test_gpio.o
                                0x13b (size before relaxing)
 .debug_str     0x000000fa       0xaa ./release/pilote_io.o
                                0x194 (size before relaxing)

.comment        0x00000000       0x54
 .comment       0x00000000       0x2a ./release/test_gpio.o
 .comment       0x0000002a       0x2a ./release/pilote_io.o

.ARM.attributes
                0x00000000       0x31
 .ARM.attributes
                0x00000000       0x31 ./release/test_gpio.o
 .ARM.attributes
                0x00000031       0x31 ./release/pilote_io.o
 .ARM.attributes
                0x00000062       0x21 ./release/startup-gcc.o
